Archive member included to satisfy reference by file (symbol)

c:/riscv-sdk/riscv_sdk_windows-v1.5/sdk_windows/riscv-xpack-toolchain_8.3.0-2.3_windows/bin/../lib/gcc/riscv-none-embed/8.3.0/../../../../riscv-none-embed/lib/rv32im/ilp32\libc.a(lib_a-init.o)
                              build/C/TSEMAC_test/test2/sapphire/software/standalone/common/start.o (__libc_init_array)

Discarded input sections

 .group         0x0000000000000000        0xc build/C/TSEMAC_test/test2/sapphire/software/standalone/tseDemo/src/main.o
 .group         0x0000000000000000        0xc build/C/TSEMAC_test/test2/sapphire/software/standalone/tseDemo/src/main.o
 .group         0x0000000000000000        0xc build/C/TSEMAC_test/test2/sapphire/software/standalone/tseDemo/src/main.o
 .group         0x0000000000000000        0xc build/C/TSEMAC_test/test2/sapphire/software/standalone/tseDemo/src/main.o
 .group         0x0000000000000000        0xc build/C/TSEMAC_test/test2/sapphire/software/standalone/tseDemo/src/main.o
 .group         0x0000000000000000        0xc build/C/TSEMAC_test/test2/sapphire/software/standalone/tseDemo/src/main.o
 .group         0x0000000000000000        0xc build/C/TSEMAC_test/test2/sapphire/software/standalone/tseDemo/src/main.o
 .group         0x0000000000000000        0xc build/C/TSEMAC_test/test2/sapphire/software/standalone/tseDemo/src/main.o
 .group         0x0000000000000000        0xc build/C/TSEMAC_test/test2/sapphire/software/standalone/tseDemo/src/main.o
 .group         0x0000000000000000        0xc build/C/TSEMAC_test/test2/sapphire/software/standalone/tseDemo/src/main.o
 .group         0x0000000000000000        0xc build/C/TSEMAC_test/test2/sapphire/software/standalone/tseDemo/src/main.o
 .group         0x0000000000000000        0xc build/C/TSEMAC_test/test2/sapphire/software/standalone/tseDemo/src/main.o
 .group         0x0000000000000000        0xc build/C/TSEMAC_test/test2/sapphire/software/standalone/tseDemo/src/main.o
 .group         0x0000000000000000        0xc build/C/TSEMAC_test/test2/sapphire/software/standalone/tseDemo/src/main.o

Memory Configuration

Name             Origin             Length             Attributes
ram              0x00000000f9000000 0x0000000000008000 axwl !r
*default*        0x0000000000000000 0xffffffffffffffff

Linker script and memory map

LOAD build/C/TSEMAC_test/test2/sapphire/software/standalone/tseDemo/src/main.o
LOAD build/C/TSEMAC_test/test2/sapphire/software/standalone/common/start.o
LOAD c:/riscv-sdk/riscv_sdk_windows-v1.5/sdk_windows/riscv-xpack-toolchain_8.3.0-2.3_windows/bin/../lib/gcc/riscv-none-embed/8.3.0/../../../../riscv-none-embed/lib/rv32im/ilp32\libc.a
LOAD c:/riscv-sdk/riscv_sdk_windows-v1.5/sdk_windows/riscv-xpack-toolchain_8.3.0-2.3_windows/bin/../lib/gcc/riscv-none-embed/8.3.0/rv32im/ilp32\libgcc.a
                0x0000000000001000                __stack_size = DEFINED (__stack_size)?__stack_size:0x1000

.init           0x00000000f9000000       0x64
 *(SORT_NONE(.init))
 .init          0x00000000f9000000       0x64 build/C/TSEMAC_test/test2/sapphire/software/standalone/common/start.o
                0x00000000f9000000                _start
                0x00000000f9000060                _init

.text           0x00000000f9000064      0x868
 *(.text.Proc_1)
 *(.text.Proc_2)
 *(.text.Proc_3)
 *(.text.Proc_4)
 *(.text.Proc_5)
 *(.text.Proc_6)
 *(.text.Proc_7)
 *(.text.Proc_8)
 *(.text.Func_1)
 *(.text.Func_2)
 *(.text.Func_3)
 *(.text.strcpy)
 *libc.a:*(.text .text.*)
 .text          0x00000000f9000064        0x0 c:/riscv-sdk/riscv_sdk_windows-v1.5/sdk_windows/riscv-xpack-toolchain_8.3.0-2.3_windows/bin/../lib/gcc/riscv-none-embed/8.3.0/../../../../riscv-none-embed/lib/rv32im/ilp32\libc.a(lib_a-init.o)
 .text.__libc_init_array
                0x00000000f9000064       0x94 c:/riscv-sdk/riscv_sdk_windows-v1.5/sdk_windows/riscv-xpack-toolchain_8.3.0-2.3_windows/bin/../lib/gcc/riscv-none-embed/8.3.0/../../../../riscv-none-embed/lib/rv32im/ilp32\libc.a(lib_a-init.o)
                0x00000000f9000064                __libc_init_array
 *(.text.main)
 *(.text.unlikely .text.unlikely.*)
 *(.text.startup .text.startup.*)
 *(.text .text.*)
 .text          0x00000000f90000f8      0x7d4 build/C/TSEMAC_test/test2/sapphire/software/standalone/tseDemo/src/main.o
                0x00000000f9000798                PatGen
                0x00000000f9000830                StartRunning
                0x00000000f90008b0                main
 .text          0x00000000f90008cc        0x0 build/C/TSEMAC_test/test2/sapphire/software/standalone/common/start.o
 *(.gnu.linkonce.t.*)
 *(.note.gnu.build-id)

.rela.dyn       0x00000000f90008cc        0x0
 .rela.init     0x00000000f90008cc        0x0 build/C/TSEMAC_test/test2/sapphire/software/standalone/tseDemo/src/main.o
 .rela.text.__libc_init_array
                0x00000000f90008cc        0x0 build/C/TSEMAC_test/test2/sapphire/software/standalone/tseDemo/src/main.o

.fini
 *(SORT_NONE(.fini))
                [!provide]                        PROVIDE (__etext = .)
                [!provide]                        PROVIDE (_etext = .)
                [!provide]                        PROVIDE (etext = .)
                0x00000000f90008cc                . = ALIGN (0x4)

.preinit_array  0x00000000f90008cc        0x0
                0x00000000f90008cc                PROVIDE (__preinit_array_start = .)
 *(.preinit_array)
                0x00000000f90008cc                PROVIDE (__preinit_array_end = .)

.init_array     0x00000000f90008cc        0x0
                0x00000000f90008cc                PROVIDE (__init_array_start = .)
 *(SORT_BY_INIT_PRIORITY(.init_array.*) SORT_BY_INIT_PRIORITY(.ctors.*))
 *(.init_array EXCLUDE_FILE(*crtend?.o *crtend.o *crtbegin?.o *crtbegin.o) .ctors)
                0x00000000f90008cc                PROVIDE (__init_array_end = .)

.fini_array     0x00000000f90008cc        0x0
                [!provide]                        PROVIDE (__fini_array_start = .)
 *(SORT_BY_INIT_PRIORITY(.fini_array.*) SORT_BY_INIT_PRIORITY(.dtors.*))
 *(.fini_array EXCLUDE_FILE(*crtend?.o *crtend.o *crtbegin?.o *crtbegin.o) .dtors)
                [!provide]                        PROVIDE (__fini_array_end = .)

.ctors
 *crtbegin.o(.ctors)
 *crtbegin?.o(.ctors)
 *(EXCLUDE_FILE(*crtend?.o *crtend.o) .ctors)
 *(SORT_BY_NAME(.ctors.*))
 *(.ctors)

.dtors
 *crtbegin.o(.dtors)
 *crtbegin?.o(.dtors)
 *(EXCLUDE_FILE(*crtend?.o *crtend.o) .dtors)
 *(SORT_BY_NAME(.dtors.*))
 *(.dtors)

.lalign         0x00000000f90008cc        0x0
                0x00000000f90008cc                . = ALIGN (0x4)
                0x00000000f90008cc                PROVIDE (_data_lma = .)

.dalign         0x00000000f90008cc        0x0
                0x00000000f90008cc                . = ALIGN (0x4)
                0x00000000f90008cc                PROVIDE (_data = .)

.data           0x00000000f90008cc      0x306
 *(.rdata)
 *(.rodata .rodata.*)
 .rodata.str1.4
                0x00000000f90008cc      0x2f8 build/C/TSEMAC_test/test2/sapphire/software/standalone/tseDemo/src/main.o
                                        0x2f7 (size before relaxing)
 *(.gnu.linkonce.r.*)
 *(.data .data.*)
 .data          0x00000000f9000bc4        0x0 build/C/TSEMAC_test/test2/sapphire/software/standalone/tseDemo/src/main.o
 .data          0x00000000f9000bc4        0x0 build/C/TSEMAC_test/test2/sapphire/software/standalone/common/start.o
 .data          0x00000000f9000bc4        0x0 c:/riscv-sdk/riscv_sdk_windows-v1.5/sdk_windows/riscv-xpack-toolchain_8.3.0-2.3_windows/bin/../lib/gcc/riscv-none-embed/8.3.0/../../../../riscv-none-embed/lib/rv32im/ilp32\libc.a(lib_a-init.o)
 *(.gnu.linkonce.d.*)
                0x00000000f9000bc8                . = ALIGN (0x8)
 *fill*         0x00000000f9000bc4        0x4 
                0x00000000f90013b8                PROVIDE (__global_pointer$ = (. + 0x7f0))
 *(.sdata .sdata.*)
 *(.gnu.linkonce.s.*)
                0x00000000f9000bc8                . = ALIGN (0x8)
 *(.srodata.cst16)
 *(.srodata.cst8)
 *(.srodata.cst4)
 *(.srodata.cst2)
 *(.srodata .srodata.*)
                0x00000000f9000bd2                . = (. + 0xa)
 *fill*         0x00000000f9000bc8        0xa 
                0x00000000f9000bd4                . = ALIGN (0x4)
                0x00000000f9000bd4                PROVIDE (_edata = .)
                [!provide]                        PROVIDE (edata = .)
                [!provide]                        PROVIDE (_fbss = .)
                0x00000000f9000bd4                PROVIDE (__bss_start = .)

.bss            0x00000000f9000bd2        0x2
 *(.sbss*)
 *(.gnu.linkonce.sb.*)
 *(.bss .bss.*)
 .bss           0x00000000f9000bd2        0x0 build/C/TSEMAC_test/test2/sapphire/software/standalone/tseDemo/src/main.o
 .bss           0x00000000f9000bd2        0x0 build/C/TSEMAC_test/test2/sapphire/software/standalone/common/start.o
 .bss           0x00000000f9000bd2        0x0 c:/riscv-sdk/riscv_sdk_windows-v1.5/sdk_windows/riscv-xpack-toolchain_8.3.0-2.3_windows/bin/../lib/gcc/riscv-none-embed/8.3.0/../../../../riscv-none-embed/lib/rv32im/ilp32\libc.a(lib_a-init.o)
 *(.gnu.linkonce.b.*)
 *(COMMON)
                0x00000000f9000bd4                . = ALIGN (0x4)
 *fill*         0x00000000f9000bd2        0x2 
                0x00000000f9000bd8                . = ALIGN (0x8)
                0x00000000f9000bd8                PROVIDE (_end = .)
                [!provide]                        PROVIDE (end = .)

.stack          0x00000000f9000be0     0x1000
                [!provide]                        PROVIDE (_heap_end = .)
                0x0000000000001000                . = __stack_size
 *fill*         0x00000000f9000be0     0x1000 
                0x00000000f9001be0                PROVIDE (_sp = .)
                0x00000000f9001be0                __freertos_irq_stack_top = .
LOAD c:/riscv-sdk/riscv_sdk_windows-v1.5/sdk_windows/riscv-xpack-toolchain_8.3.0-2.3_windows/bin/../lib/gcc/riscv-none-embed/8.3.0/../../../../riscv-none-embed/lib/rv32im/ilp32\libm.a
LOAD c:/riscv-sdk/riscv_sdk_windows-v1.5/sdk_windows/riscv-xpack-toolchain_8.3.0-2.3_windows/bin/../lib/gcc/riscv-none-embed/8.3.0/rv32im/ilp32\libgcc.a
START GROUP
LOAD c:/riscv-sdk/riscv_sdk_windows-v1.5/sdk_windows/riscv-xpack-toolchain_8.3.0-2.3_windows/bin/../lib/gcc/riscv-none-embed/8.3.0/rv32im/ilp32\libgcc.a
LOAD c:/riscv-sdk/riscv_sdk_windows-v1.5/sdk_windows/riscv-xpack-toolchain_8.3.0-2.3_windows/bin/../lib/gcc/riscv-none-embed/8.3.0/../../../../riscv-none-embed/lib/rv32im/ilp32\libg.a
LOAD c:/riscv-sdk/riscv_sdk_windows-v1.5/sdk_windows/riscv-xpack-toolchain_8.3.0-2.3_windows/bin/../lib/gcc/riscv-none-embed/8.3.0/../../../../riscv-none-embed/lib/rv32im/ilp32\libc.a
END GROUP
LOAD c:/riscv-sdk/riscv_sdk_windows-v1.5/sdk_windows/riscv-xpack-toolchain_8.3.0-2.3_windows/bin/../lib/gcc/riscv-none-embed/8.3.0/rv32im/ilp32\libgcc.a
START GROUP
LOAD c:/riscv-sdk/riscv_sdk_windows-v1.5/sdk_windows/riscv-xpack-toolchain_8.3.0-2.3_windows/bin/../lib/gcc/riscv-none-embed/8.3.0/rv32im/ilp32\libgcc.a
LOAD c:/riscv-sdk/riscv_sdk_windows-v1.5/sdk_windows/riscv-xpack-toolchain_8.3.0-2.3_windows/bin/../lib/gcc/riscv-none-embed/8.3.0/../../../../riscv-none-embed/lib/rv32im/ilp32\libc.a
LOAD c:/riscv-sdk/riscv_sdk_windows-v1.5/sdk_windows/riscv-xpack-toolchain_8.3.0-2.3_windows/bin/../lib/gcc/riscv-none-embed/8.3.0/../../../../riscv-none-embed/lib/rv32im/ilp32\libnosys.a
END GROUP
OUTPUT(build/tseDemo.elf elf32-littleriscv)

.debug_info     0x0000000000000000     0x1305
 .debug_info    0x0000000000000000     0x12df build/C/TSEMAC_test/test2/sapphire/software/standalone/tseDemo/src/main.o
 .debug_info    0x00000000000012df       0x26 build/C/TSEMAC_test/test2/sapphire/software/standalone/common/start.o

.debug_abbrev   0x0000000000000000      0x217
 .debug_abbrev  0x0000000000000000      0x203 build/C/TSEMAC_test/test2/sapphire/software/standalone/tseDemo/src/main.o
 .debug_abbrev  0x0000000000000203       0x14 build/C/TSEMAC_test/test2/sapphire/software/standalone/common/start.o

.debug_loc      0x0000000000000000      0xc5b
 .debug_loc     0x0000000000000000      0xc5b build/C/TSEMAC_test/test2/sapphire/software/standalone/tseDemo/src/main.o

.debug_aranges  0x0000000000000000       0x40
 .debug_aranges
                0x0000000000000000       0x20 build/C/TSEMAC_test/test2/sapphire/software/standalone/tseDemo/src/main.o
 .debug_aranges
                0x0000000000000020       0x20 build/C/TSEMAC_test/test2/sapphire/software/standalone/common/start.o

.debug_macro    0x0000000000000000      0xf97
 .debug_macro   0x0000000000000000       0xa4 build/C/TSEMAC_test/test2/sapphire/software/standalone/tseDemo/src/main.o
 .debug_macro   0x00000000000000a4      0x760 build/C/TSEMAC_test/test2/sapphire/software/standalone/tseDemo/src/main.o
 .debug_macro   0x0000000000000804       0x22 build/C/TSEMAC_test/test2/sapphire/software/standalone/tseDemo/src/main.o
 .debug_macro   0x0000000000000826       0x8e build/C/TSEMAC_test/test2/sapphire/software/standalone/tseDemo/src/main.o
 .debug_macro   0x00000000000008b4       0x51 build/C/TSEMAC_test/test2/sapphire/software/standalone/tseDemo/src/main.o
 .debug_macro   0x0000000000000905      0x103 build/C/TSEMAC_test/test2/sapphire/software/standalone/tseDemo/src/main.o
 .debug_macro   0x0000000000000a08       0x6a build/C/TSEMAC_test/test2/sapphire/software/standalone/tseDemo/src/main.o
 .debug_macro   0x0000000000000a72      0x1df build/C/TSEMAC_test/test2/sapphire/software/standalone/tseDemo/src/main.o
 .debug_macro   0x0000000000000c51      0x11e build/C/TSEMAC_test/test2/sapphire/software/standalone/tseDemo/src/main.o
 .debug_macro   0x0000000000000d6f       0xc4 build/C/TSEMAC_test/test2/sapphire/software/standalone/tseDemo/src/main.o
 .debug_macro   0x0000000000000e33       0x10 build/C/TSEMAC_test/test2/sapphire/software/standalone/tseDemo/src/main.o
 .debug_macro   0x0000000000000e43       0x1c build/C/TSEMAC_test/test2/sapphire/software/standalone/tseDemo/src/main.o
 .debug_macro   0x0000000000000e5f       0x16 build/C/TSEMAC_test/test2/sapphire/software/standalone/tseDemo/src/main.o
 .debug_macro   0x0000000000000e75       0x76 build/C/TSEMAC_test/test2/sapphire/software/standalone/tseDemo/src/main.o
 .debug_macro   0x0000000000000eeb       0xac build/C/TSEMAC_test/test2/sapphire/software/standalone/tseDemo/src/main.o

.debug_line     0x0000000000000000     0x10c1
 .debug_line    0x0000000000000000     0x1007 build/C/TSEMAC_test/test2/sapphire/software/standalone/tseDemo/src/main.o
 .debug_line    0x0000000000001007       0xba build/C/TSEMAC_test/test2/sapphire/software/standalone/common/start.o

.debug_str      0x0000000000000000     0x43cd
 .debug_str     0x0000000000000000     0x43af build/C/TSEMAC_test/test2/sapphire/software/standalone/tseDemo/src/main.o
                                       0x4523 (size before relaxing)
 .debug_str     0x00000000000043af       0x1e build/C/TSEMAC_test/test2/sapphire/software/standalone/common/start.o
                                         0x58 (size before relaxing)

.comment        0x0000000000000000       0x33
 .comment       0x0000000000000000       0x33 build/C/TSEMAC_test/test2/sapphire/software/standalone/tseDemo/src/main.o
                                         0x34 (size before relaxing)

.debug_frame    0x0000000000000000      0x2b4
 .debug_frame   0x0000000000000000      0x278 build/C/TSEMAC_test/test2/sapphire/software/standalone/tseDemo/src/main.o
 .debug_frame   0x0000000000000278       0x3c c:/riscv-sdk/riscv_sdk_windows-v1.5/sdk_windows/riscv-xpack-toolchain_8.3.0-2.3_windows/bin/../lib/gcc/riscv-none-embed/8.3.0/../../../../riscv-none-embed/lib/rv32im/ilp32\libc.a(lib_a-init.o)
