Archive member included to satisfy reference by file (symbol)

c:/riscv-sdk/riscv_sdk_windows-v1.5/sdk_windows/riscv-xpack-toolchain_8.3.0-2.3_windows/bin/../lib/gcc/riscv-none-embed/8.3.0/../../../../riscv-none-embed/lib/rv32im/ilp32\libc.a(lib_a-init.o)
                              build/C/TSEMAC_test/sapphire_KM_Ti60/software/standalone/common/start.o (__libc_init_array)

Discarded input sections

 .group         0x0000000000000000        0xc build/C/TSEMAC_test/sapphire_KM_Ti60/software/standalone/tseDemo/src/main.o
 .group         0x0000000000000000        0xc build/C/TSEMAC_test/sapphire_KM_Ti60/software/standalone/tseDemo/src/main.o
 .group         0x0000000000000000        0xc build/C/TSEMAC_test/sapphire_KM_Ti60/software/standalone/tseDemo/src/main.o
 .group         0x0000000000000000        0xc build/C/TSEMAC_test/sapphire_KM_Ti60/software/standalone/tseDemo/src/main.o
 .group         0x0000000000000000        0xc build/C/TSEMAC_test/sapphire_KM_Ti60/software/standalone/tseDemo/src/main.o
 .group         0x0000000000000000        0xc build/C/TSEMAC_test/sapphire_KM_Ti60/software/standalone/tseDemo/src/main.o
 .group         0x0000000000000000        0xc build/C/TSEMAC_test/sapphire_KM_Ti60/software/standalone/tseDemo/src/main.o
 .group         0x0000000000000000        0xc build/C/TSEMAC_test/sapphire_KM_Ti60/software/standalone/tseDemo/src/main.o
 .group         0x0000000000000000        0xc build/C/TSEMAC_test/sapphire_KM_Ti60/software/standalone/tseDemo/src/main.o
 .group         0x0000000000000000        0xc build/C/TSEMAC_test/sapphire_KM_Ti60/software/standalone/tseDemo/src/main.o
 .group         0x0000000000000000        0xc build/C/TSEMAC_test/sapphire_KM_Ti60/software/standalone/tseDemo/src/main.o
 .group         0x0000000000000000        0xc build/C/TSEMAC_test/sapphire_KM_Ti60/software/standalone/tseDemo/src/main.o
 .group         0x0000000000000000        0xc build/C/TSEMAC_test/sapphire_KM_Ti60/software/standalone/tseDemo/src/main.o
 .group         0x0000000000000000        0xc build/C/TSEMAC_test/sapphire_KM_Ti60/software/standalone/tseDemo/src/main.o
 .group         0x0000000000000000        0xc build/C/TSEMAC_test/sapphire_KM_Ti60/software/standalone/tseDemo/src/main.o
 .group         0x0000000000000000        0xc build/C/TSEMAC_test/sapphire_KM_Ti60/software/standalone/tseDemo/src/main.o
 .group         0x0000000000000000        0xc build/C/TSEMAC_test/sapphire_KM_Ti60/software/standalone/tseDemo/src/rtl8211fd_drv.o
 .group         0x0000000000000000        0xc build/C/TSEMAC_test/sapphire_KM_Ti60/software/standalone/tseDemo/src/rtl8211fd_drv.o
 .group         0x0000000000000000        0xc build/C/TSEMAC_test/sapphire_KM_Ti60/software/standalone/tseDemo/src/rtl8211fd_drv.o
 .group         0x0000000000000000        0xc build/C/TSEMAC_test/sapphire_KM_Ti60/software/standalone/tseDemo/src/rtl8211fd_drv.o
 .group         0x0000000000000000        0xc build/C/TSEMAC_test/sapphire_KM_Ti60/software/standalone/tseDemo/src/rtl8211fd_drv.o
 .group         0x0000000000000000        0xc build/C/TSEMAC_test/sapphire_KM_Ti60/software/standalone/tseDemo/src/rtl8211fd_drv.o
 .group         0x0000000000000000        0xc build/C/TSEMAC_test/sapphire_KM_Ti60/software/standalone/tseDemo/src/rtl8211fd_drv.o
 .group         0x0000000000000000        0xc build/C/TSEMAC_test/sapphire_KM_Ti60/software/standalone/tseDemo/src/rtl8211fd_drv.o
 .group         0x0000000000000000        0xc build/C/TSEMAC_test/sapphire_KM_Ti60/software/standalone/tseDemo/src/rtl8211fd_drv.o
 .group         0x0000000000000000        0xc build/C/TSEMAC_test/sapphire_KM_Ti60/software/standalone/tseDemo/src/rtl8211fd_drv.o
 .group         0x0000000000000000        0xc build/C/TSEMAC_test/sapphire_KM_Ti60/software/standalone/tseDemo/src/rtl8211fd_drv.o
 .group         0x0000000000000000        0xc build/C/TSEMAC_test/sapphire_KM_Ti60/software/standalone/tseDemo/src/rtl8211fd_drv.o
 .group         0x0000000000000000        0xc build/C/TSEMAC_test/sapphire_KM_Ti60/software/standalone/tseDemo/src/rtl8211fd_drv.o
 .group         0x0000000000000000        0xc build/C/TSEMAC_test/sapphire_KM_Ti60/software/standalone/tseDemo/src/rtl8211fd_drv.o
 .group         0x0000000000000000        0xc build/C/TSEMAC_test/sapphire_KM_Ti60/software/standalone/tseDemo/src/rtl8211fd_drv.o
 .group         0x0000000000000000        0xc build/C/TSEMAC_test/sapphire_KM_Ti60/software/standalone/tseDemo/src/rtl8211fd_drv.o
 .group         0x0000000000000000        0xc build/C/TSEMAC_test/sapphire_KM_Ti60/software/standalone/tseDemo/src/rtl8211fd_drv.o
 .group         0x0000000000000000        0xc build/C/TSEMAC_test/sapphire_KM_Ti60/software/standalone/tseDemo/src/rtl8211fd_drv.o
 .debug_macro   0x0000000000000000      0x760 build/C/TSEMAC_test/sapphire_KM_Ti60/software/standalone/tseDemo/src/rtl8211fd_drv.o
 .debug_macro   0x0000000000000000      0x11e build/C/TSEMAC_test/sapphire_KM_Ti60/software/standalone/tseDemo/src/rtl8211fd_drv.o
 .debug_macro   0x0000000000000000       0x22 build/C/TSEMAC_test/sapphire_KM_Ti60/software/standalone/tseDemo/src/rtl8211fd_drv.o
 .debug_macro   0x0000000000000000       0x8e build/C/TSEMAC_test/sapphire_KM_Ti60/software/standalone/tseDemo/src/rtl8211fd_drv.o
 .debug_macro   0x0000000000000000       0x51 build/C/TSEMAC_test/sapphire_KM_Ti60/software/standalone/tseDemo/src/rtl8211fd_drv.o
 .debug_macro   0x0000000000000000      0x103 build/C/TSEMAC_test/sapphire_KM_Ti60/software/standalone/tseDemo/src/rtl8211fd_drv.o
 .debug_macro   0x0000000000000000       0x6a build/C/TSEMAC_test/sapphire_KM_Ti60/software/standalone/tseDemo/src/rtl8211fd_drv.o
 .debug_macro   0x0000000000000000      0x1df build/C/TSEMAC_test/sapphire_KM_Ti60/software/standalone/tseDemo/src/rtl8211fd_drv.o
 .debug_macro   0x0000000000000000       0xc4 build/C/TSEMAC_test/sapphire_KM_Ti60/software/standalone/tseDemo/src/rtl8211fd_drv.o
 .debug_macro   0x0000000000000000       0x10 build/C/TSEMAC_test/sapphire_KM_Ti60/software/standalone/tseDemo/src/rtl8211fd_drv.o
 .debug_macro   0x0000000000000000       0x1c build/C/TSEMAC_test/sapphire_KM_Ti60/software/standalone/tseDemo/src/rtl8211fd_drv.o
 .debug_macro   0x0000000000000000       0x16 build/C/TSEMAC_test/sapphire_KM_Ti60/software/standalone/tseDemo/src/rtl8211fd_drv.o
 .debug_macro   0x0000000000000000       0x76 build/C/TSEMAC_test/sapphire_KM_Ti60/software/standalone/tseDemo/src/rtl8211fd_drv.o
 .debug_macro   0x0000000000000000       0x46 build/C/TSEMAC_test/sapphire_KM_Ti60/software/standalone/tseDemo/src/rtl8211fd_drv.o
 .debug_macro   0x0000000000000000       0x1c build/C/TSEMAC_test/sapphire_KM_Ti60/software/standalone/tseDemo/src/rtl8211fd_drv.o
 .debug_macro   0x0000000000000000       0xac build/C/TSEMAC_test/sapphire_KM_Ti60/software/standalone/tseDemo/src/rtl8211fd_drv.o
 .group         0x0000000000000000        0xc build/C/TSEMAC_test/sapphire_KM_Ti60/software/standalone/tseDemo/src/common.o
 .group         0x0000000000000000        0xc build/C/TSEMAC_test/sapphire_KM_Ti60/software/standalone/tseDemo/src/common.o
 .group         0x0000000000000000        0xc build/C/TSEMAC_test/sapphire_KM_Ti60/software/standalone/tseDemo/src/common.o
 .group         0x0000000000000000        0xc build/C/TSEMAC_test/sapphire_KM_Ti60/software/standalone/tseDemo/src/common.o
 .group         0x0000000000000000        0xc build/C/TSEMAC_test/sapphire_KM_Ti60/software/standalone/tseDemo/src/common.o
 .group         0x0000000000000000        0xc build/C/TSEMAC_test/sapphire_KM_Ti60/software/standalone/tseDemo/src/common.o
 .group         0x0000000000000000        0xc build/C/TSEMAC_test/sapphire_KM_Ti60/software/standalone/tseDemo/src/common.o
 .group         0x0000000000000000        0xc build/C/TSEMAC_test/sapphire_KM_Ti60/software/standalone/tseDemo/src/common.o
 .group         0x0000000000000000        0xc build/C/TSEMAC_test/sapphire_KM_Ti60/software/standalone/tseDemo/src/common.o
 .group         0x0000000000000000        0xc build/C/TSEMAC_test/sapphire_KM_Ti60/software/standalone/tseDemo/src/common.o
 .group         0x0000000000000000        0xc build/C/TSEMAC_test/sapphire_KM_Ti60/software/standalone/tseDemo/src/common.o
 .group         0x0000000000000000        0xc build/C/TSEMAC_test/sapphire_KM_Ti60/software/standalone/tseDemo/src/common.o
 .group         0x0000000000000000        0xc build/C/TSEMAC_test/sapphire_KM_Ti60/software/standalone/tseDemo/src/common.o
 .group         0x0000000000000000        0xc build/C/TSEMAC_test/sapphire_KM_Ti60/software/standalone/tseDemo/src/common.o
 .group         0x0000000000000000        0xc build/C/TSEMAC_test/sapphire_KM_Ti60/software/standalone/tseDemo/src/common.o
 .group         0x0000000000000000        0xc build/C/TSEMAC_test/sapphire_KM_Ti60/software/standalone/tseDemo/src/common.o
 .debug_macro   0x0000000000000000      0x760 build/C/TSEMAC_test/sapphire_KM_Ti60/software/standalone/tseDemo/src/common.o
 .debug_macro   0x0000000000000000       0x22 build/C/TSEMAC_test/sapphire_KM_Ti60/software/standalone/tseDemo/src/common.o
 .debug_macro   0x0000000000000000       0x8e build/C/TSEMAC_test/sapphire_KM_Ti60/software/standalone/tseDemo/src/common.o
 .debug_macro   0x0000000000000000       0x51 build/C/TSEMAC_test/sapphire_KM_Ti60/software/standalone/tseDemo/src/common.o
 .debug_macro   0x0000000000000000      0x103 build/C/TSEMAC_test/sapphire_KM_Ti60/software/standalone/tseDemo/src/common.o
 .debug_macro   0x0000000000000000       0x6a build/C/TSEMAC_test/sapphire_KM_Ti60/software/standalone/tseDemo/src/common.o
 .debug_macro   0x0000000000000000      0x1df build/C/TSEMAC_test/sapphire_KM_Ti60/software/standalone/tseDemo/src/common.o
 .debug_macro   0x0000000000000000      0x11e build/C/TSEMAC_test/sapphire_KM_Ti60/software/standalone/tseDemo/src/common.o
 .debug_macro   0x0000000000000000       0xc4 build/C/TSEMAC_test/sapphire_KM_Ti60/software/standalone/tseDemo/src/common.o
 .debug_macro   0x0000000000000000       0x10 build/C/TSEMAC_test/sapphire_KM_Ti60/software/standalone/tseDemo/src/common.o
 .debug_macro   0x0000000000000000       0x1c build/C/TSEMAC_test/sapphire_KM_Ti60/software/standalone/tseDemo/src/common.o
 .debug_macro   0x0000000000000000       0x16 build/C/TSEMAC_test/sapphire_KM_Ti60/software/standalone/tseDemo/src/common.o
 .debug_macro   0x0000000000000000       0x76 build/C/TSEMAC_test/sapphire_KM_Ti60/software/standalone/tseDemo/src/common.o
 .debug_macro   0x0000000000000000       0x46 build/C/TSEMAC_test/sapphire_KM_Ti60/software/standalone/tseDemo/src/common.o
 .debug_macro   0x0000000000000000       0x1c build/C/TSEMAC_test/sapphire_KM_Ti60/software/standalone/tseDemo/src/common.o

Memory Configuration

Name             Origin             Length             Attributes
ram              0x00000000f9000000 0x0000000000008000 axwl !r
*default*        0x0000000000000000 0xffffffffffffffff

Linker script and memory map

LOAD build/C/TSEMAC_test/sapphire_KM_Ti60/software/standalone/tseDemo/src/main.o
LOAD build/C/TSEMAC_test/sapphire_KM_Ti60/software/standalone/tseDemo/src/rtl8211fd_drv.o
LOAD build/C/TSEMAC_test/sapphire_KM_Ti60/software/standalone/tseDemo/src/common.o
LOAD build/C/TSEMAC_test/sapphire_KM_Ti60/software/standalone/common/start.o
LOAD c:/riscv-sdk/riscv_sdk_windows-v1.5/sdk_windows/riscv-xpack-toolchain_8.3.0-2.3_windows/bin/../lib/gcc/riscv-none-embed/8.3.0/../../../../riscv-none-embed/lib/rv32im/ilp32\libc.a
LOAD c:/riscv-sdk/riscv_sdk_windows-v1.5/sdk_windows/riscv-xpack-toolchain_8.3.0-2.3_windows/bin/../lib/gcc/riscv-none-embed/8.3.0/rv32im/ilp32\libgcc.a
                0x0000000000001000                __stack_size = DEFINED (__stack_size)?__stack_size:0x1000

.init           0x00000000f9000000       0x64
 *(SORT_NONE(.init))
 .init          0x00000000f9000000       0x64 build/C/TSEMAC_test/sapphire_KM_Ti60/software/standalone/common/start.o
                0x00000000f9000000                _start
                0x00000000f9000060                _init

.text           0x00000000f9000064      0xc80
 *(.text.Proc_1)
 *(.text.Proc_2)
 *(.text.Proc_3)
 *(.text.Proc_4)
 *(.text.Proc_5)
 *(.text.Proc_6)
 *(.text.Proc_7)
 *(.text.Proc_8)
 *(.text.Func_1)
 *(.text.Func_2)
 *(.text.Func_3)
 *(.text.strcpy)
 *libc.a:*(.text .text.*)
 .text          0x00000000f9000064        0x0 c:/riscv-sdk/riscv_sdk_windows-v1.5/sdk_windows/riscv-xpack-toolchain_8.3.0-2.3_windows/bin/../lib/gcc/riscv-none-embed/8.3.0/../../../../riscv-none-embed/lib/rv32im/ilp32\libc.a(lib_a-init.o)
 .text.__libc_init_array
                0x00000000f9000064       0x94 c:/riscv-sdk/riscv_sdk_windows-v1.5/sdk_windows/riscv-xpack-toolchain_8.3.0-2.3_windows/bin/../lib/gcc/riscv-none-embed/8.3.0/../../../../riscv-none-embed/lib/rv32im/ilp32\libc.a(lib_a-init.o)
                0x00000000f9000064                __libc_init_array
 *(.text.main)
 *(.text.unlikely .text.unlikely.*)
 *(.text.startup .text.startup.*)
 *(.text .text.*)
 .text          0x00000000f90000f8      0x570 build/C/TSEMAC_test/sapphire_KM_Ti60/software/standalone/tseDemo/src/main.o
                0x00000000f900050c                PatGen
                0x00000000f90005a4                StartRunning
                0x00000000f9000624                main
 .text          0x00000000f9000668      0x324 build/C/TSEMAC_test/sapphire_KM_Ti60/software/standalone/tseDemo/src/rtl8211fd_drv.o
                0x00000000f900069c                Phy_Rd
                0x00000000f90006f4                Phy_Wr
                0x00000000f9000748                rtl8211_drv_rddata
                0x00000000f9000760                rtl8211_drv_wrdata
                0x00000000f900078c                rtl8211_drv_setpage
                0x00000000f90007c4                rtl8211_drv_linkup
                0x00000000f90008e0                rtl8211_drv_init
 .text          0x00000000f900098c      0x358 build/C/TSEMAC_test/sapphire_KM_Ti60/software/standalone/tseDemo/src/common.o
                0x00000000f90009d8                Reg_Out32
                0x00000000f90009e0                Reg_In32
                0x00000000f90009e8                putchar
                0x00000000f9000a18                bsp_printf_c
                0x00000000f9000a30                bsp_printf_d
                0x00000000f9000ab0                bsp_printf_s
                0x00000000f9000ae4                bsp_puts
                0x00000000f9000b24                print_hex
                0x00000000f9000b88                bsp_printf_x
                0x00000000f9000bd4                bsp_printf
 .text          0x00000000f9000ce4        0x0 build/C/TSEMAC_test/sapphire_KM_Ti60/software/standalone/common/start.o
 *(.gnu.linkonce.t.*)
 *(.note.gnu.build-id)

.rela.dyn       0x00000000f9000ce4        0x0
 .rela.init     0x00000000f9000ce4        0x0 build/C/TSEMAC_test/sapphire_KM_Ti60/software/standalone/tseDemo/src/main.o
 .rela.text.__libc_init_array
                0x00000000f9000ce4        0x0 build/C/TSEMAC_test/sapphire_KM_Ti60/software/standalone/tseDemo/src/main.o

.fini
 *(SORT_NONE(.fini))
                [!provide]                        PROVIDE (__etext = .)
                [!provide]                        PROVIDE (_etext = .)
                [!provide]                        PROVIDE (etext = .)
                0x00000000f9000ce4                . = ALIGN (0x4)

.preinit_array  0x00000000f9000ce4        0x0
                0x00000000f9000ce4                PROVIDE (__preinit_array_start = .)
 *(.preinit_array)
                0x00000000f9000ce4                PROVIDE (__preinit_array_end = .)

.init_array     0x00000000f9000ce4        0x0
                0x00000000f9000ce4                PROVIDE (__init_array_start = .)
 *(SORT_BY_INIT_PRIORITY(.init_array.*) SORT_BY_INIT_PRIORITY(.ctors.*))
 *(.init_array EXCLUDE_FILE(*crtend?.o *crtend.o *crtbegin?.o *crtbegin.o) .ctors)
                0x00000000f9000ce4                PROVIDE (__init_array_end = .)

.fini_array     0x00000000f9000ce4        0x0
                [!provide]                        PROVIDE (__fini_array_start = .)
 *(SORT_BY_INIT_PRIORITY(.fini_array.*) SORT_BY_INIT_PRIORITY(.dtors.*))
 *(.fini_array EXCLUDE_FILE(*crtend?.o *crtend.o *crtbegin?.o *crtbegin.o) .dtors)
                [!provide]                        PROVIDE (__fini_array_end = .)

.ctors
 *crtbegin.o(.ctors)
 *crtbegin?.o(.ctors)
 *(EXCLUDE_FILE(*crtend?.o *crtend.o) .ctors)
 *(SORT_BY_NAME(.ctors.*))
 *(.ctors)

.dtors
 *crtbegin.o(.dtors)
 *crtbegin?.o(.dtors)
 *(EXCLUDE_FILE(*crtend?.o *crtend.o) .dtors)
 *(SORT_BY_NAME(.dtors.*))
 *(.dtors)

.lalign         0x00000000f9000ce4        0x0
                0x00000000f9000ce4                . = ALIGN (0x4)
                0x00000000f9000ce4                PROVIDE (_data_lma = .)

.dalign         0x00000000f9000ce4        0x0
                0x00000000f9000ce4                . = ALIGN (0x4)
                0x00000000f9000ce4                PROVIDE (_data = .)

.data           0x00000000f9000ce4      0x39e
 *(.rdata)
 *(.rodata .rodata.*)
 .rodata.str1.4
                0x00000000f9000ce4      0x26b build/C/TSEMAC_test/sapphire_KM_Ti60/software/standalone/tseDemo/src/main.o
 *fill*         0x00000000f9000f4f        0x1 
 .rodata.str1.4
                0x00000000f9000f50      0x124 build/C/TSEMAC_test/sapphire_KM_Ti60/software/standalone/tseDemo/src/rtl8211fd_drv.o
 .rodata.str1.4
                0x00000000f9001074       0x11 build/C/TSEMAC_test/sapphire_KM_Ti60/software/standalone/tseDemo/src/common.o
 *(.gnu.linkonce.r.*)
 *(.data .data.*)
 .data          0x00000000f9001074        0x0 build/C/TSEMAC_test/sapphire_KM_Ti60/software/standalone/tseDemo/src/main.o
 .data          0x00000000f9001074        0x0 build/C/TSEMAC_test/sapphire_KM_Ti60/software/standalone/tseDemo/src/rtl8211fd_drv.o
 .data          0x00000000f9001074        0x0 build/C/TSEMAC_test/sapphire_KM_Ti60/software/standalone/tseDemo/src/common.o
 .data          0x00000000f9001074        0x0 build/C/TSEMAC_test/sapphire_KM_Ti60/software/standalone/common/start.o
 .data          0x00000000f9001074        0x0 c:/riscv-sdk/riscv_sdk_windows-v1.5/sdk_windows/riscv-xpack-toolchain_8.3.0-2.3_windows/bin/../lib/gcc/riscv-none-embed/8.3.0/../../../../riscv-none-embed/lib/rv32im/ilp32\libc.a(lib_a-init.o)
 *(.gnu.linkonce.d.*)
                0x00000000f9001088                . = ALIGN (0x8)
 *fill*         0x00000000f9001074        0x4 
                0x00000000f9001868                PROVIDE (__global_pointer$ = (. + 0x7f0))
 *(.sdata .sdata.*)
 *(.gnu.linkonce.s.*)
                0x00000000f9001078                . = ALIGN (0x8)
 *(.srodata.cst16)
 *(.srodata.cst8)
 *(.srodata.cst4)
 *(.srodata.cst2)
 *(.srodata .srodata.*)
                0x00000000f9001082                . = (. + 0xa)
 *fill*         0x00000000f9001078        0xa 
                0x00000000f9001084                . = ALIGN (0x4)
                0x00000000f9001084                PROVIDE (_edata = .)
                [!provide]                        PROVIDE (edata = .)
                [!provide]                        PROVIDE (_fbss = .)
                0x00000000f9001084                PROVIDE (__bss_start = .)

.bss            0x00000000f9001082        0x2
 *(.sbss*)
 *(.gnu.linkonce.sb.*)
 *(.bss .bss.*)
 .bss           0x00000000f9001082        0x0 build/C/TSEMAC_test/sapphire_KM_Ti60/software/standalone/tseDemo/src/main.o
 .bss           0x00000000f9001082        0x0 build/C/TSEMAC_test/sapphire_KM_Ti60/software/standalone/tseDemo/src/rtl8211fd_drv.o
 .bss           0x00000000f9001082        0x0 build/C/TSEMAC_test/sapphire_KM_Ti60/software/standalone/tseDemo/src/common.o
 .bss           0x00000000f9001082        0x0 build/C/TSEMAC_test/sapphire_KM_Ti60/software/standalone/common/start.o
 .bss           0x00000000f9001082        0x0 c:/riscv-sdk/riscv_sdk_windows-v1.5/sdk_windows/riscv-xpack-toolchain_8.3.0-2.3_windows/bin/../lib/gcc/riscv-none-embed/8.3.0/../../../../riscv-none-embed/lib/rv32im/ilp32\libc.a(lib_a-init.o)
 *(.gnu.linkonce.b.*)
 *(COMMON)
                0x00000000f9001084                . = ALIGN (0x4)
 *fill*         0x00000000f9001082        0x2 
                0x00000000f9001088                . = ALIGN (0x8)
                0x00000000f9001088                PROVIDE (_end = .)
                [!provide]                        PROVIDE (end = .)

.stack          0x00000000f9001090     0x1000
                [!provide]                        PROVIDE (_heap_end = .)
                0x0000000000001000                . = __stack_size
 *fill*         0x00000000f9001090     0x1000 
                0x00000000f9002090                PROVIDE (_sp = .)
                0x00000000f9002090                __freertos_irq_stack_top = .
LOAD c:/riscv-sdk/riscv_sdk_windows-v1.5/sdk_windows/riscv-xpack-toolchain_8.3.0-2.3_windows/bin/../lib/gcc/riscv-none-embed/8.3.0/../../../../riscv-none-embed/lib/rv32im/ilp32\libm.a
LOAD c:/riscv-sdk/riscv_sdk_windows-v1.5/sdk_windows/riscv-xpack-toolchain_8.3.0-2.3_windows/bin/../lib/gcc/riscv-none-embed/8.3.0/rv32im/ilp32\libgcc.a
START GROUP
LOAD c:/riscv-sdk/riscv_sdk_windows-v1.5/sdk_windows/riscv-xpack-toolchain_8.3.0-2.3_windows/bin/../lib/gcc/riscv-none-embed/8.3.0/rv32im/ilp32\libgcc.a
LOAD c:/riscv-sdk/riscv_sdk_windows-v1.5/sdk_windows/riscv-xpack-toolchain_8.3.0-2.3_windows/bin/../lib/gcc/riscv-none-embed/8.3.0/../../../../riscv-none-embed/lib/rv32im/ilp32\libg.a
LOAD c:/riscv-sdk/riscv_sdk_windows-v1.5/sdk_windows/riscv-xpack-toolchain_8.3.0-2.3_windows/bin/../lib/gcc/riscv-none-embed/8.3.0/../../../../riscv-none-embed/lib/rv32im/ilp32\libc.a
END GROUP
LOAD c:/riscv-sdk/riscv_sdk_windows-v1.5/sdk_windows/riscv-xpack-toolchain_8.3.0-2.3_windows/bin/../lib/gcc/riscv-none-embed/8.3.0/rv32im/ilp32\libgcc.a
START GROUP
LOAD c:/riscv-sdk/riscv_sdk_windows-v1.5/sdk_windows/riscv-xpack-toolchain_8.3.0-2.3_windows/bin/../lib/gcc/riscv-none-embed/8.3.0/rv32im/ilp32\libgcc.a
LOAD c:/riscv-sdk/riscv_sdk_windows-v1.5/sdk_windows/riscv-xpack-toolchain_8.3.0-2.3_windows/bin/../lib/gcc/riscv-none-embed/8.3.0/../../../../riscv-none-embed/lib/rv32im/ilp32\libc.a
LOAD c:/riscv-sdk/riscv_sdk_windows-v1.5/sdk_windows/riscv-xpack-toolchain_8.3.0-2.3_windows/bin/../lib/gcc/riscv-none-embed/8.3.0/../../../../riscv-none-embed/lib/rv32im/ilp32\libnosys.a
END GROUP
OUTPUT(build/tseDemo.elf elf32-littleriscv)

.debug_info     0x0000000000000000     0x1a4c
 .debug_info    0x0000000000000000      0xebc build/C/TSEMAC_test/sapphire_KM_Ti60/software/standalone/tseDemo/src/main.o
 .debug_info    0x0000000000000ebc      0x677 build/C/TSEMAC_test/sapphire_KM_Ti60/software/standalone/tseDemo/src/rtl8211fd_drv.o
 .debug_info    0x0000000000001533      0x4f3 build/C/TSEMAC_test/sapphire_KM_Ti60/software/standalone/tseDemo/src/common.o
 .debug_info    0x0000000000001a26       0x26 build/C/TSEMAC_test/sapphire_KM_Ti60/software/standalone/common/start.o

.debug_abbrev   0x0000000000000000      0x593
 .debug_abbrev  0x0000000000000000      0x1f8 build/C/TSEMAC_test/sapphire_KM_Ti60/software/standalone/tseDemo/src/main.o
 .debug_abbrev  0x00000000000001f8      0x18b build/C/TSEMAC_test/sapphire_KM_Ti60/software/standalone/tseDemo/src/rtl8211fd_drv.o
 .debug_abbrev  0x0000000000000383      0x1fc build/C/TSEMAC_test/sapphire_KM_Ti60/software/standalone/tseDemo/src/common.o
 .debug_abbrev  0x000000000000057f       0x14 build/C/TSEMAC_test/sapphire_KM_Ti60/software/standalone/common/start.o

.debug_loc      0x0000000000000000      0xeb2
 .debug_loc     0x0000000000000000      0x9b3 build/C/TSEMAC_test/sapphire_KM_Ti60/software/standalone/tseDemo/src/main.o
 .debug_loc     0x00000000000009b3      0x1e9 build/C/TSEMAC_test/sapphire_KM_Ti60/software/standalone/tseDemo/src/rtl8211fd_drv.o
 .debug_loc     0x0000000000000b9c      0x316 build/C/TSEMAC_test/sapphire_KM_Ti60/software/standalone/tseDemo/src/common.o

.debug_aranges  0x0000000000000000       0x80
 .debug_aranges
                0x0000000000000000       0x20 build/C/TSEMAC_test/sapphire_KM_Ti60/software/standalone/tseDemo/src/main.o
 .debug_aranges
                0x0000000000000020       0x20 build/C/TSEMAC_test/sapphire_KM_Ti60/software/standalone/tseDemo/src/rtl8211fd_drv.o
 .debug_aranges
                0x0000000000000040       0x20 build/C/TSEMAC_test/sapphire_KM_Ti60/software/standalone/tseDemo/src/common.o
 .debug_aranges
                0x0000000000000060       0x20 build/C/TSEMAC_test/sapphire_KM_Ti60/software/standalone/common/start.o

.debug_macro    0x0000000000000000     0x1483
 .debug_macro   0x0000000000000000       0xc2 build/C/TSEMAC_test/sapphire_KM_Ti60/software/standalone/tseDemo/src/main.o
 .debug_macro   0x00000000000000c2      0x760 build/C/TSEMAC_test/sapphire_KM_Ti60/software/standalone/tseDemo/src/main.o
 .debug_macro   0x0000000000000822       0x22 build/C/TSEMAC_test/sapphire_KM_Ti60/software/standalone/tseDemo/src/main.o
 .debug_macro   0x0000000000000844       0x8e build/C/TSEMAC_test/sapphire_KM_Ti60/software/standalone/tseDemo/src/main.o
 .debug_macro   0x00000000000008d2       0x51 build/C/TSEMAC_test/sapphire_KM_Ti60/software/standalone/tseDemo/src/main.o
 .debug_macro   0x0000000000000923      0x103 build/C/TSEMAC_test/sapphire_KM_Ti60/software/standalone/tseDemo/src/main.o
 .debug_macro   0x0000000000000a26       0x6a build/C/TSEMAC_test/sapphire_KM_Ti60/software/standalone/tseDemo/src/main.o
 .debug_macro   0x0000000000000a90      0x1df build/C/TSEMAC_test/sapphire_KM_Ti60/software/standalone/tseDemo/src/main.o
 .debug_macro   0x0000000000000c6f      0x11e build/C/TSEMAC_test/sapphire_KM_Ti60/software/standalone/tseDemo/src/main.o
 .debug_macro   0x0000000000000d8d       0xc4 build/C/TSEMAC_test/sapphire_KM_Ti60/software/standalone/tseDemo/src/main.o
 .debug_macro   0x0000000000000e51       0x10 build/C/TSEMAC_test/sapphire_KM_Ti60/software/standalone/tseDemo/src/main.o
 .debug_macro   0x0000000000000e61       0x1c build/C/TSEMAC_test/sapphire_KM_Ti60/software/standalone/tseDemo/src/main.o
 .debug_macro   0x0000000000000e7d       0x16 build/C/TSEMAC_test/sapphire_KM_Ti60/software/standalone/tseDemo/src/main.o
 .debug_macro   0x0000000000000e93       0x76 build/C/TSEMAC_test/sapphire_KM_Ti60/software/standalone/tseDemo/src/main.o
 .debug_macro   0x0000000000000f09       0xac build/C/TSEMAC_test/sapphire_KM_Ti60/software/standalone/tseDemo/src/main.o
 .debug_macro   0x0000000000000fb5       0x46 build/C/TSEMAC_test/sapphire_KM_Ti60/software/standalone/tseDemo/src/main.o
 .debug_macro   0x0000000000000ffb       0x1c build/C/TSEMAC_test/sapphire_KM_Ti60/software/standalone/tseDemo/src/main.o
 .debug_macro   0x0000000000001017       0xc6 build/C/TSEMAC_test/sapphire_KM_Ti60/software/standalone/tseDemo/src/rtl8211fd_drv.o
 .debug_macro   0x00000000000010dd      0x1b8 build/C/TSEMAC_test/sapphire_KM_Ti60/software/standalone/tseDemo/src/rtl8211fd_drv.o
 .debug_macro   0x0000000000001295       0xe2 build/C/TSEMAC_test/sapphire_KM_Ti60/software/standalone/tseDemo/src/rtl8211fd_drv.o
 .debug_macro   0x0000000000001377       0xb4 build/C/TSEMAC_test/sapphire_KM_Ti60/software/standalone/tseDemo/src/common.o
 .debug_macro   0x000000000000142b       0x58 build/C/TSEMAC_test/sapphire_KM_Ti60/software/standalone/tseDemo/src/common.o

.debug_line     0x0000000000000000     0x1bc7
 .debug_line    0x0000000000000000      0xd01 build/C/TSEMAC_test/sapphire_KM_Ti60/software/standalone/tseDemo/src/main.o
 .debug_line    0x0000000000000d01      0x660 build/C/TSEMAC_test/sapphire_KM_Ti60/software/standalone/tseDemo/src/rtl8211fd_drv.o
 .debug_line    0x0000000000001361      0x7ac build/C/TSEMAC_test/sapphire_KM_Ti60/software/standalone/tseDemo/src/common.o
 .debug_line    0x0000000000001b0d       0xba build/C/TSEMAC_test/sapphire_KM_Ti60/software/standalone/common/start.o

.debug_str      0x0000000000000000     0x5846
 .debug_str     0x0000000000000000     0x45cd build/C/TSEMAC_test/sapphire_KM_Ti60/software/standalone/tseDemo/src/main.o
                                       0x4746 (size before relaxing)
 .debug_str     0x00000000000045cd     0x10ca build/C/TSEMAC_test/sapphire_KM_Ti60/software/standalone/tseDemo/src/rtl8211fd_drv.o
                                       0x570b (size before relaxing)
 .debug_str     0x0000000000005697      0x191 build/C/TSEMAC_test/sapphire_KM_Ti60/software/standalone/tseDemo/src/common.o
                                       0x45ab (size before relaxing)
 .debug_str     0x0000000000005828       0x1e build/C/TSEMAC_test/sapphire_KM_Ti60/software/standalone/common/start.o
                                         0x5a (size before relaxing)

.comment        0x0000000000000000       0x33
 .comment       0x0000000000000000       0x33 build/C/TSEMAC_test/sapphire_KM_Ti60/software/standalone/tseDemo/src/main.o
                                         0x34 (size before relaxing)
 .comment       0x0000000000000033       0x34 build/C/TSEMAC_test/sapphire_KM_Ti60/software/standalone/tseDemo/src/rtl8211fd_drv.o
 .comment       0x0000000000000033       0x34 build/C/TSEMAC_test/sapphire_KM_Ti60/software/standalone/tseDemo/src/common.o

.debug_frame    0x0000000000000000      0x474
 .debug_frame   0x0000000000000000      0x1cc build/C/TSEMAC_test/sapphire_KM_Ti60/software/standalone/tseDemo/src/main.o
 .debug_frame   0x00000000000001cc      0x100 build/C/TSEMAC_test/sapphire_KM_Ti60/software/standalone/tseDemo/src/rtl8211fd_drv.o
 .debug_frame   0x00000000000002cc      0x16c build/C/TSEMAC_test/sapphire_KM_Ti60/software/standalone/tseDemo/src/common.o
 .debug_frame   0x0000000000000438       0x3c c:/riscv-sdk/riscv_sdk_windows-v1.5/sdk_windows/riscv-xpack-toolchain_8.3.0-2.3_windows/bin/../lib/gcc/riscv-none-embed/8.3.0/../../../../riscv-none-embed/lib/rv32im/ilp32\libc.a(lib_a-init.o)
