Archive member included to satisfy reference by file (symbol)

c:/riscv-sdk/riscv_sdk_windows-v1.5/sdk_windows/riscv-xpack-toolchain_8.3.0-2.3_windows/bin/../lib/gcc/riscv-none-embed/8.3.0/../../../../riscv-none-embed/lib/rv32im/ilp32\libc.a(lib_a-init.o)
                              build/C/TSEMAC_test/sapphire_KM_Ti60/software/standalone/common/start.o (__libc_init_array)

Discarded input sections

 .group         0x0000000000000000        0xc build/C/TSEMAC_test/sapphire_KM_Ti60/software/standalone/tseDemo/src/main.o
 .group         0x0000000000000000        0xc build/C/TSEMAC_test/sapphire_KM_Ti60/software/standalone/tseDemo/src/main.o
 .group         0x0000000000000000        0xc build/C/TSEMAC_test/sapphire_KM_Ti60/software/standalone/tseDemo/src/main.o
 .group         0x0000000000000000        0xc build/C/TSEMAC_test/sapphire_KM_Ti60/software/standalone/tseDemo/src/main.o
 .group         0x0000000000000000        0xc build/C/TSEMAC_test/sapphire_KM_Ti60/software/standalone/tseDemo/src/main.o
 .group         0x0000000000000000        0xc build/C/TSEMAC_test/sapphire_KM_Ti60/software/standalone/tseDemo/src/main.o
 .group         0x0000000000000000        0xc build/C/TSEMAC_test/sapphire_KM_Ti60/software/standalone/tseDemo/src/main.o
 .group         0x0000000000000000        0xc build/C/TSEMAC_test/sapphire_KM_Ti60/software/standalone/tseDemo/src/main.o
 .group         0x0000000000000000        0xc build/C/TSEMAC_test/sapphire_KM_Ti60/software/standalone/tseDemo/src/main.o
 .group         0x0000000000000000        0xc build/C/TSEMAC_test/sapphire_KM_Ti60/software/standalone/tseDemo/src/main.o
 .group         0x0000000000000000        0xc build/C/TSEMAC_test/sapphire_KM_Ti60/software/standalone/tseDemo/src/main.o
 .group         0x0000000000000000        0xc build/C/TSEMAC_test/sapphire_KM_Ti60/software/standalone/tseDemo/src/main.o
 .group         0x0000000000000000        0xc build/C/TSEMAC_test/sapphire_KM_Ti60/software/standalone/tseDemo/src/main.o
 .group         0x0000000000000000        0xc build/C/TSEMAC_test/sapphire_KM_Ti60/software/standalone/tseDemo/src/main.o
 .group         0x0000000000000000        0xc build/C/TSEMAC_test/sapphire_KM_Ti60/software/standalone/tseDemo/src/main.o
 .group         0x0000000000000000        0xc build/C/TSEMAC_test/sapphire_KM_Ti60/software/standalone/tseDemo/src/main.o
 .group         0x0000000000000000        0xc build/C/TSEMAC_test/sapphire_KM_Ti60/software/standalone/tseDemo/src/rtl8211fd_drv.o
 .group         0x0000000000000000        0xc build/C/TSEMAC_test/sapphire_KM_Ti60/software/standalone/tseDemo/src/rtl8211fd_drv.o
 .group         0x0000000000000000        0xc build/C/TSEMAC_test/sapphire_KM_Ti60/software/standalone/tseDemo/src/rtl8211fd_drv.o
 .group         0x0000000000000000        0xc build/C/TSEMAC_test/sapphire_KM_Ti60/software/standalone/tseDemo/src/rtl8211fd_drv.o
 .group         0x0000000000000000        0xc build/C/TSEMAC_test/sapphire_KM_Ti60/software/standalone/tseDemo/src/rtl8211fd_drv.o
 .group         0x0000000000000000        0xc build/C/TSEMAC_test/sapphire_KM_Ti60/software/standalone/tseDemo/src/rtl8211fd_drv.o
 .group         0x0000000000000000        0xc build/C/TSEMAC_test/sapphire_KM_Ti60/software/standalone/tseDemo/src/rtl8211fd_drv.o
 .group         0x0000000000000000        0xc build/C/TSEMAC_test/sapphire_KM_Ti60/software/standalone/tseDemo/src/rtl8211fd_drv.o
 .group         0x0000000000000000        0xc build/C/TSEMAC_test/sapphire_KM_Ti60/software/standalone/tseDemo/src/rtl8211fd_drv.o
 .group         0x0000000000000000        0xc build/C/TSEMAC_test/sapphire_KM_Ti60/software/standalone/tseDemo/src/rtl8211fd_drv.o
 .group         0x0000000000000000        0xc build/C/TSEMAC_test/sapphire_KM_Ti60/software/standalone/tseDemo/src/rtl8211fd_drv.o
 .group         0x0000000000000000        0xc build/C/TSEMAC_test/sapphire_KM_Ti60/software/standalone/tseDemo/src/rtl8211fd_drv.o
 .group         0x0000000000000000        0xc build/C/TSEMAC_test/sapphire_KM_Ti60/software/standalone/tseDemo/src/rtl8211fd_drv.o
 .group         0x0000000000000000        0xc build/C/TSEMAC_test/sapphire_KM_Ti60/software/standalone/tseDemo/src/rtl8211fd_drv.o
 .group         0x0000000000000000        0xc build/C/TSEMAC_test/sapphire_KM_Ti60/software/standalone/tseDemo/src/rtl8211fd_drv.o
 .group         0x0000000000000000        0xc build/C/TSEMAC_test/sapphire_KM_Ti60/software/standalone/tseDemo/src/rtl8211fd_drv.o
 .group         0x0000000000000000        0xc build/C/TSEMAC_test/sapphire_KM_Ti60/software/standalone/tseDemo/src/rtl8211fd_drv.o
 .group         0x0000000000000000        0xc build/C/TSEMAC_test/sapphire_KM_Ti60/software/standalone/tseDemo/src/rtl8211fd_drv.o
 .debug_macro   0x0000000000000000      0x760 build/C/TSEMAC_test/sapphire_KM_Ti60/software/standalone/tseDemo/src/rtl8211fd_drv.o
 .debug_macro   0x0000000000000000      0x11e build/C/TSEMAC_test/sapphire_KM_Ti60/software/standalone/tseDemo/src/rtl8211fd_drv.o
 .debug_macro   0x0000000000000000       0x22 build/C/TSEMAC_test/sapphire_KM_Ti60/software/standalone/tseDemo/src/rtl8211fd_drv.o
 .debug_macro   0x0000000000000000       0x8e build/C/TSEMAC_test/sapphire_KM_Ti60/software/standalone/tseDemo/src/rtl8211fd_drv.o
 .debug_macro   0x0000000000000000       0x51 build/C/TSEMAC_test/sapphire_KM_Ti60/software/standalone/tseDemo/src/rtl8211fd_drv.o
 .debug_macro   0x0000000000000000      0x103 build/C/TSEMAC_test/sapphire_KM_Ti60/software/standalone/tseDemo/src/rtl8211fd_drv.o
 .debug_macro   0x0000000000000000       0x6a build/C/TSEMAC_test/sapphire_KM_Ti60/software/standalone/tseDemo/src/rtl8211fd_drv.o
 .debug_macro   0x0000000000000000      0x1df build/C/TSEMAC_test/sapphire_KM_Ti60/software/standalone/tseDemo/src/rtl8211fd_drv.o
 .debug_macro   0x0000000000000000       0xc4 build/C/TSEMAC_test/sapphire_KM_Ti60/software/standalone/tseDemo/src/rtl8211fd_drv.o
 .debug_macro   0x0000000000000000       0x10 build/C/TSEMAC_test/sapphire_KM_Ti60/software/standalone/tseDemo/src/rtl8211fd_drv.o
 .debug_macro   0x0000000000000000       0x1c build/C/TSEMAC_test/sapphire_KM_Ti60/software/standalone/tseDemo/src/rtl8211fd_drv.o
 .debug_macro   0x0000000000000000       0x16 build/C/TSEMAC_test/sapphire_KM_Ti60/software/standalone/tseDemo/src/rtl8211fd_drv.o
 .debug_macro   0x0000000000000000       0x76 build/C/TSEMAC_test/sapphire_KM_Ti60/software/standalone/tseDemo/src/rtl8211fd_drv.o
 .debug_macro   0x0000000000000000       0x46 build/C/TSEMAC_test/sapphire_KM_Ti60/software/standalone/tseDemo/src/rtl8211fd_drv.o
 .debug_macro   0x0000000000000000       0x1c build/C/TSEMAC_test/sapphire_KM_Ti60/software/standalone/tseDemo/src/rtl8211fd_drv.o
 .debug_macro   0x0000000000000000       0xac build/C/TSEMAC_test/sapphire_KM_Ti60/software/standalone/tseDemo/src/rtl8211fd_drv.o
 .group         0x0000000000000000        0xc build/C/TSEMAC_test/sapphire_KM_Ti60/software/standalone/tseDemo/src/common.o
 .group         0x0000000000000000        0xc build/C/TSEMAC_test/sapphire_KM_Ti60/software/standalone/tseDemo/src/common.o
 .group         0x0000000000000000        0xc build/C/TSEMAC_test/sapphire_KM_Ti60/software/standalone/tseDemo/src/common.o
 .group         0x0000000000000000        0xc build/C/TSEMAC_test/sapphire_KM_Ti60/software/standalone/tseDemo/src/common.o
 .group         0x0000000000000000        0xc build/C/TSEMAC_test/sapphire_KM_Ti60/software/standalone/tseDemo/src/common.o
 .group         0x0000000000000000        0xc build/C/TSEMAC_test/sapphire_KM_Ti60/software/standalone/tseDemo/src/common.o
 .group         0x0000000000000000        0xc build/C/TSEMAC_test/sapphire_KM_Ti60/software/standalone/tseDemo/src/common.o
 .group         0x0000000000000000        0xc build/C/TSEMAC_test/sapphire_KM_Ti60/software/standalone/tseDemo/src/common.o
 .group         0x0000000000000000        0xc build/C/TSEMAC_test/sapphire_KM_Ti60/software/standalone/tseDemo/src/common.o
 .group         0x0000000000000000        0xc build/C/TSEMAC_test/sapphire_KM_Ti60/software/standalone/tseDemo/src/common.o
 .group         0x0000000000000000        0xc build/C/TSEMAC_test/sapphire_KM_Ti60/software/standalone/tseDemo/src/common.o
 .group         0x0000000000000000        0xc build/C/TSEMAC_test/sapphire_KM_Ti60/software/standalone/tseDemo/src/common.o
 .group         0x0000000000000000        0xc build/C/TSEMAC_test/sapphire_KM_Ti60/software/standalone/tseDemo/src/common.o
 .group         0x0000000000000000        0xc build/C/TSEMAC_test/sapphire_KM_Ti60/software/standalone/tseDemo/src/common.o
 .group         0x0000000000000000        0xc build/C/TSEMAC_test/sapphire_KM_Ti60/software/standalone/tseDemo/src/common.o
 .group         0x0000000000000000        0xc build/C/TSEMAC_test/sapphire_KM_Ti60/software/standalone/tseDemo/src/common.o
 .debug_macro   0x0000000000000000      0x760 build/C/TSEMAC_test/sapphire_KM_Ti60/software/standalone/tseDemo/src/common.o
 .debug_macro   0x0000000000000000       0x22 build/C/TSEMAC_test/sapphire_KM_Ti60/software/standalone/tseDemo/src/common.o
 .debug_macro   0x0000000000000000       0x8e build/C/TSEMAC_test/sapphire_KM_Ti60/software/standalone/tseDemo/src/common.o
 .debug_macro   0x0000000000000000       0x51 build/C/TSEMAC_test/sapphire_KM_Ti60/software/standalone/tseDemo/src/common.o
 .debug_macro   0x0000000000000000      0x103 build/C/TSEMAC_test/sapphire_KM_Ti60/software/standalone/tseDemo/src/common.o
 .debug_macro   0x0000000000000000       0x6a build/C/TSEMAC_test/sapphire_KM_Ti60/software/standalone/tseDemo/src/common.o
 .debug_macro   0x0000000000000000      0x1df build/C/TSEMAC_test/sapphire_KM_Ti60/software/standalone/tseDemo/src/common.o
 .debug_macro   0x0000000000000000      0x11e build/C/TSEMAC_test/sapphire_KM_Ti60/software/standalone/tseDemo/src/common.o
 .debug_macro   0x0000000000000000       0xc4 build/C/TSEMAC_test/sapphire_KM_Ti60/software/standalone/tseDemo/src/common.o
 .debug_macro   0x0000000000000000       0x10 build/C/TSEMAC_test/sapphire_KM_Ti60/software/standalone/tseDemo/src/common.o
 .debug_macro   0x0000000000000000       0x1c build/C/TSEMAC_test/sapphire_KM_Ti60/software/standalone/tseDemo/src/common.o
 .debug_macro   0x0000000000000000       0x16 build/C/TSEMAC_test/sapphire_KM_Ti60/software/standalone/tseDemo/src/common.o
 .debug_macro   0x0000000000000000       0x76 build/C/TSEMAC_test/sapphire_KM_Ti60/software/standalone/tseDemo/src/common.o
 .debug_macro   0x0000000000000000       0x46 build/C/TSEMAC_test/sapphire_KM_Ti60/software/standalone/tseDemo/src/common.o
 .debug_macro   0x0000000000000000       0x1c build/C/TSEMAC_test/sapphire_KM_Ti60/software/standalone/tseDemo/src/common.o

Memory Configuration

Name             Origin             Length             Attributes
ram              0x00000000f9000000 0x0000000000008000 axwl !r
*default*        0x0000000000000000 0xffffffffffffffff

Linker script and memory map

LOAD build/C/TSEMAC_test/sapphire_KM_Ti60/software/standalone/tseDemo/src/main.o
LOAD build/C/TSEMAC_test/sapphire_KM_Ti60/software/standalone/tseDemo/src/rtl8211fd_drv.o
LOAD build/C/TSEMAC_test/sapphire_KM_Ti60/software/standalone/tseDemo/src/common.o
LOAD build/C/TSEMAC_test/sapphire_KM_Ti60/software/standalone/common/start.o
LOAD c:/riscv-sdk/riscv_sdk_windows-v1.5/sdk_windows/riscv-xpack-toolchain_8.3.0-2.3_windows/bin/../lib/gcc/riscv-none-embed/8.3.0/../../../../riscv-none-embed/lib/rv32im/ilp32\libc.a
LOAD c:/riscv-sdk/riscv_sdk_windows-v1.5/sdk_windows/riscv-xpack-toolchain_8.3.0-2.3_windows/bin/../lib/gcc/riscv-none-embed/8.3.0/rv32im/ilp32\libgcc.a
                0x0000000000001000                __stack_size = DEFINED (__stack_size)?__stack_size:0x1000

.init           0x00000000f9000000       0x64
 *(SORT_NONE(.init))
 .init          0x00000000f9000000       0x64 build/C/TSEMAC_test/sapphire_KM_Ti60/software/standalone/common/start.o
                0x00000000f9000000                _start
                0x00000000f9000060                _init

.text           0x00000000f9000064      0xbd0
 *(.text.Proc_1)
 *(.text.Proc_2)
 *(.text.Proc_3)
 *(.text.Proc_4)
 *(.text.Proc_5)
 *(.text.Proc_6)
 *(.text.Proc_7)
 *(.text.Proc_8)
 *(.text.Func_1)
 *(.text.Func_2)
 *(.text.Func_3)
 *(.text.strcpy)
 *libc.a:*(.text .text.*)
 .text          0x00000000f9000064        0x0 c:/riscv-sdk/riscv_sdk_windows-v1.5/sdk_windows/riscv-xpack-toolchain_8.3.0-2.3_windows/bin/../lib/gcc/riscv-none-embed/8.3.0/../../../../riscv-none-embed/lib/rv32im/ilp32\libc.a(lib_a-init.o)
 .text.__libc_init_array
                0x00000000f9000064       0x94 c:/riscv-sdk/riscv_sdk_windows-v1.5/sdk_windows/riscv-xpack-toolchain_8.3.0-2.3_windows/bin/../lib/gcc/riscv-none-embed/8.3.0/../../../../riscv-none-embed/lib/rv32im/ilp32\libc.a(lib_a-init.o)
                0x00000000f9000064                __libc_init_array
 *(.text.main)
 *(.text.unlikely .text.unlikely.*)
 *(.text.startup .text.startup.*)
 *(.text .text.*)
 .text          0x00000000f90000f8      0x4c0 build/C/TSEMAC_test/sapphire_KM_Ti60/software/standalone/tseDemo/src/main.o
                0x00000000f900047c                PatGen
                0x00000000f9000514                StartRunning
                0x00000000f9000588                main
 .text          0x00000000f90005b8      0x324 build/C/TSEMAC_test/sapphire_KM_Ti60/software/standalone/tseDemo/src/rtl8211fd_drv.o
                0x00000000f90005ec                Phy_Rd
                0x00000000f9000644                Phy_Wr
                0x00000000f9000698                rtl8211_drv_rddata
                0x00000000f90006b0                rtl8211_drv_wrdata
                0x00000000f90006dc                rtl8211_drv_setpage
                0x00000000f9000714                rtl8211_drv_linkup
                0x00000000f9000830                rtl8211_drv_init
 .text          0x00000000f90008dc      0x358 build/C/TSEMAC_test/sapphire_KM_Ti60/software/standalone/tseDemo/src/common.o
                0x00000000f9000928                Reg_Out32
                0x00000000f9000930                Reg_In32
                0x00000000f9000938                putchar
                0x00000000f9000968                bsp_printf_c
                0x00000000f9000980                bsp_printf_d
                0x00000000f9000a00                bsp_printf_s
                0x00000000f9000a34                bsp_puts
                0x00000000f9000a74                print_hex
                0x00000000f9000ad8                bsp_printf_x
                0x00000000f9000b24                bsp_printf
 .text          0x00000000f9000c34        0x0 build/C/TSEMAC_test/sapphire_KM_Ti60/software/standalone/common/start.o
 *(.gnu.linkonce.t.*)
 *(.note.gnu.build-id)

.rela.dyn       0x00000000f9000c34        0x0
 .rela.init     0x00000000f9000c34        0x0 build/C/TSEMAC_test/sapphire_KM_Ti60/software/standalone/tseDemo/src/main.o
 .rela.text.__libc_init_array
                0x00000000f9000c34        0x0 build/C/TSEMAC_test/sapphire_KM_Ti60/software/standalone/tseDemo/src/main.o

.fini
 *(SORT_NONE(.fini))
                [!provide]                        PROVIDE (__etext = .)
                [!provide]                        PROVIDE (_etext = .)
                [!provide]                        PROVIDE (etext = .)
                0x00000000f9000c34                . = ALIGN (0x4)

.preinit_array  0x00000000f9000c34        0x0
                0x00000000f9000c34                PROVIDE (__preinit_array_start = .)
 *(.preinit_array)
                0x00000000f9000c34                PROVIDE (__preinit_array_end = .)

.init_array     0x00000000f9000c34        0x0
                0x00000000f9000c34                PROVIDE (__init_array_start = .)
 *(SORT_BY_INIT_PRIORITY(.init_array.*) SORT_BY_INIT_PRIORITY(.ctors.*))
 *(.init_array EXCLUDE_FILE(*crtend?.o *crtend.o *crtbegin?.o *crtbegin.o) .ctors)
                0x00000000f9000c34                PROVIDE (__init_array_end = .)

.fini_array     0x00000000f9000c34        0x0
                [!provide]                        PROVIDE (__fini_array_start = .)
 *(SORT_BY_INIT_PRIORITY(.fini_array.*) SORT_BY_INIT_PRIORITY(.dtors.*))
 *(.fini_array EXCLUDE_FILE(*crtend?.o *crtend.o *crtbegin?.o *crtbegin.o) .dtors)
                [!provide]                        PROVIDE (__fini_array_end = .)

.ctors
 *crtbegin.o(.ctors)
 *crtbegin?.o(.ctors)
 *(EXCLUDE_FILE(*crtend?.o *crtend.o) .ctors)
 *(SORT_BY_NAME(.ctors.*))
 *(.ctors)

.dtors
 *crtbegin.o(.dtors)
 *crtbegin?.o(.dtors)
 *(EXCLUDE_FILE(*crtend?.o *crtend.o) .dtors)
 *(SORT_BY_NAME(.dtors.*))
 *(.dtors)

.lalign         0x00000000f9000c34        0x0
                0x00000000f9000c34                . = ALIGN (0x4)
                0x00000000f9000c34                PROVIDE (_data_lma = .)

.dalign         0x00000000f9000c34        0x0
                0x00000000f9000c34                . = ALIGN (0x4)
                0x00000000f9000c34                PROVIDE (_data = .)

.data           0x00000000f9000c34      0x326
 *(.rdata)
 *(.rodata .rodata.*)
 .rodata.str1.4
                0x00000000f9000c34      0x1f3 build/C/TSEMAC_test/sapphire_KM_Ti60/software/standalone/tseDemo/src/main.o
 *fill*         0x00000000f9000e27        0x1 
 .rodata.str1.4
                0x00000000f9000e28      0x124 build/C/TSEMAC_test/sapphire_KM_Ti60/software/standalone/tseDemo/src/rtl8211fd_drv.o
 .rodata.str1.4
                0x00000000f9000f4c       0x11 build/C/TSEMAC_test/sapphire_KM_Ti60/software/standalone/tseDemo/src/common.o
 *(.gnu.linkonce.r.*)
 *(.data .data.*)
 .data          0x00000000f9000f4c        0x0 build/C/TSEMAC_test/sapphire_KM_Ti60/software/standalone/tseDemo/src/main.o
 .data          0x00000000f9000f4c        0x0 build/C/TSEMAC_test/sapphire_KM_Ti60/software/standalone/tseDemo/src/rtl8211fd_drv.o
 .data          0x00000000f9000f4c        0x0 build/C/TSEMAC_test/sapphire_KM_Ti60/software/standalone/tseDemo/src/common.o
 .data          0x00000000f9000f4c        0x0 build/C/TSEMAC_test/sapphire_KM_Ti60/software/standalone/common/start.o
 .data          0x00000000f9000f4c        0x0 c:/riscv-sdk/riscv_sdk_windows-v1.5/sdk_windows/riscv-xpack-toolchain_8.3.0-2.3_windows/bin/../lib/gcc/riscv-none-embed/8.3.0/../../../../riscv-none-embed/lib/rv32im/ilp32\libc.a(lib_a-init.o)
 *(.gnu.linkonce.d.*)
                0x00000000f9000f60                . = ALIGN (0x8)
 *fill*         0x00000000f9000f4c        0x4 
                0x00000000f9001740                PROVIDE (__global_pointer$ = (. + 0x7f0))
 *(.sdata .sdata.*)
 *(.gnu.linkonce.s.*)
                0x00000000f9000f50                . = ALIGN (0x8)
 *(.srodata.cst16)
 *(.srodata.cst8)
 *(.srodata.cst4)
 *(.srodata.cst2)
 *(.srodata .srodata.*)
                0x00000000f9000f5a                . = (. + 0xa)
 *fill*         0x00000000f9000f50        0xa 
                0x00000000f9000f5c                . = ALIGN (0x4)
                0x00000000f9000f5c                PROVIDE (_edata = .)
                [!provide]                        PROVIDE (edata = .)
                [!provide]                        PROVIDE (_fbss = .)
                0x00000000f9000f5c                PROVIDE (__bss_start = .)

.bss            0x00000000f9000f5a        0x2
 *(.sbss*)
 *(.gnu.linkonce.sb.*)
 *(.bss .bss.*)
 .bss           0x00000000f9000f5a        0x0 build/C/TSEMAC_test/sapphire_KM_Ti60/software/standalone/tseDemo/src/main.o
 .bss           0x00000000f9000f5a        0x0 build/C/TSEMAC_test/sapphire_KM_Ti60/software/standalone/tseDemo/src/rtl8211fd_drv.o
 .bss           0x00000000f9000f5a        0x0 build/C/TSEMAC_test/sapphire_KM_Ti60/software/standalone/tseDemo/src/common.o
 .bss           0x00000000f9000f5a        0x0 build/C/TSEMAC_test/sapphire_KM_Ti60/software/standalone/common/start.o
 .bss           0x00000000f9000f5a        0x0 c:/riscv-sdk/riscv_sdk_windows-v1.5/sdk_windows/riscv-xpack-toolchain_8.3.0-2.3_windows/bin/../lib/gcc/riscv-none-embed/8.3.0/../../../../riscv-none-embed/lib/rv32im/ilp32\libc.a(lib_a-init.o)
 *(.gnu.linkonce.b.*)
 *(COMMON)
                0x00000000f9000f5c                . = ALIGN (0x4)
 *fill*         0x00000000f9000f5a        0x2 
                0x00000000f9000f60                . = ALIGN (0x8)
                0x00000000f9000f60                PROVIDE (_end = .)
                [!provide]                        PROVIDE (end = .)

.stack          0x00000000f9000f60     0x1000
                [!provide]                        PROVIDE (_heap_end = .)
                0x0000000000001000                . = __stack_size
 *fill*         0x00000000f9000f60     0x1000 
                0x00000000f9001f60                PROVIDE (_sp = .)
                0x00000000f9001f60                __freertos_irq_stack_top = .
LOAD c:/riscv-sdk/riscv_sdk_windows-v1.5/sdk_windows/riscv-xpack-toolchain_8.3.0-2.3_windows/bin/../lib/gcc/riscv-none-embed/8.3.0/../../../../riscv-none-embed/lib/rv32im/ilp32\libm.a
LOAD c:/riscv-sdk/riscv_sdk_windows-v1.5/sdk_windows/riscv-xpack-toolchain_8.3.0-2.3_windows/bin/../lib/gcc/riscv-none-embed/8.3.0/rv32im/ilp32\libgcc.a
START GROUP
LOAD c:/riscv-sdk/riscv_sdk_windows-v1.5/sdk_windows/riscv-xpack-toolchain_8.3.0-2.3_windows/bin/../lib/gcc/riscv-none-embed/8.3.0/rv32im/ilp32\libgcc.a
LOAD c:/riscv-sdk/riscv_sdk_windows-v1.5/sdk_windows/riscv-xpack-toolchain_8.3.0-2.3_windows/bin/../lib/gcc/riscv-none-embed/8.3.0/../../../../riscv-none-embed/lib/rv32im/ilp32\libg.a
LOAD c:/riscv-sdk/riscv_sdk_windows-v1.5/sdk_windows/riscv-xpack-toolchain_8.3.0-2.3_windows/bin/../lib/gcc/riscv-none-embed/8.3.0/../../../../riscv-none-embed/lib/rv32im/ilp32\libc.a
END GROUP
LOAD c:/riscv-sdk/riscv_sdk_windows-v1.5/sdk_windows/riscv-xpack-toolchain_8.3.0-2.3_windows/bin/../lib/gcc/riscv-none-embed/8.3.0/rv32im/ilp32\libgcc.a
START GROUP
LOAD c:/riscv-sdk/riscv_sdk_windows-v1.5/sdk_windows/riscv-xpack-toolchain_8.3.0-2.3_windows/bin/../lib/gcc/riscv-none-embed/8.3.0/rv32im/ilp32\libgcc.a
LOAD c:/riscv-sdk/riscv_sdk_windows-v1.5/sdk_windows/riscv-xpack-toolchain_8.3.0-2.3_windows/bin/../lib/gcc/riscv-none-embed/8.3.0/../../../../riscv-none-embed/lib/rv32im/ilp32\libc.a
LOAD c:/riscv-sdk/riscv_sdk_windows-v1.5/sdk_windows/riscv-xpack-toolchain_8.3.0-2.3_windows/bin/../lib/gcc/riscv-none-embed/8.3.0/../../../../riscv-none-embed/lib/rv32im/ilp32\libnosys.a
END GROUP
OUTPUT(build/tseDemo.elf elf32-littleriscv)

.debug_info     0x0000000000000000     0x18ba
 .debug_info    0x0000000000000000      0xd2a build/C/TSEMAC_test/sapphire_KM_Ti60/software/standalone/tseDemo/src/main.o
 .debug_info    0x0000000000000d2a      0x677 build/C/TSEMAC_test/sapphire_KM_Ti60/software/standalone/tseDemo/src/rtl8211fd_drv.o
 .debug_info    0x00000000000013a1      0x4f3 build/C/TSEMAC_test/sapphire_KM_Ti60/software/standalone/tseDemo/src/common.o
 .debug_info    0x0000000000001894       0x26 build/C/TSEMAC_test/sapphire_KM_Ti60/software/standalone/common/start.o

.debug_abbrev   0x0000000000000000      0x584
 .debug_abbrev  0x0000000000000000      0x1e9 build/C/TSEMAC_test/sapphire_KM_Ti60/software/standalone/tseDemo/src/main.o
 .debug_abbrev  0x00000000000001e9      0x18b build/C/TSEMAC_test/sapphire_KM_Ti60/software/standalone/tseDemo/src/rtl8211fd_drv.o
 .debug_abbrev  0x0000000000000374      0x1fc build/C/TSEMAC_test/sapphire_KM_Ti60/software/standalone/tseDemo/src/common.o
 .debug_abbrev  0x0000000000000570       0x14 build/C/TSEMAC_test/sapphire_KM_Ti60/software/standalone/common/start.o

.debug_loc      0x0000000000000000      0xd6e
 .debug_loc     0x0000000000000000      0x86f build/C/TSEMAC_test/sapphire_KM_Ti60/software/standalone/tseDemo/src/main.o
 .debug_loc     0x000000000000086f      0x1e9 build/C/TSEMAC_test/sapphire_KM_Ti60/software/standalone/tseDemo/src/rtl8211fd_drv.o
 .debug_loc     0x0000000000000a58      0x316 build/C/TSEMAC_test/sapphire_KM_Ti60/software/standalone/tseDemo/src/common.o

.debug_aranges  0x0000000000000000       0x80
 .debug_aranges
                0x0000000000000000       0x20 build/C/TSEMAC_test/sapphire_KM_Ti60/software/standalone/tseDemo/src/main.o
 .debug_aranges
                0x0000000000000020       0x20 build/C/TSEMAC_test/sapphire_KM_Ti60/software/standalone/tseDemo/src/rtl8211fd_drv.o
 .debug_aranges
                0x0000000000000040       0x20 build/C/TSEMAC_test/sapphire_KM_Ti60/software/standalone/tseDemo/src/common.o
 .debug_aranges
                0x0000000000000060       0x20 build/C/TSEMAC_test/sapphire_KM_Ti60/software/standalone/common/start.o

.debug_macro    0x0000000000000000     0x1483
 .debug_macro   0x0000000000000000       0xc2 build/C/TSEMAC_test/sapphire_KM_Ti60/software/standalone/tseDemo/src/main.o
 .debug_macro   0x00000000000000c2      0x760 build/C/TSEMAC_test/sapphire_KM_Ti60/software/standalone/tseDemo/src/main.o
 .debug_macro   0x0000000000000822       0x22 build/C/TSEMAC_test/sapphire_KM_Ti60/software/standalone/tseDemo/src/main.o
 .debug_macro   0x0000000000000844       0x8e build/C/TSEMAC_test/sapphire_KM_Ti60/software/standalone/tseDemo/src/main.o
 .debug_macro   0x00000000000008d2       0x51 build/C/TSEMAC_test/sapphire_KM_Ti60/software/standalone/tseDemo/src/main.o
 .debug_macro   0x0000000000000923      0x103 build/C/TSEMAC_test/sapphire_KM_Ti60/software/standalone/tseDemo/src/main.o
 .debug_macro   0x0000000000000a26       0x6a build/C/TSEMAC_test/sapphire_KM_Ti60/software/standalone/tseDemo/src/main.o
 .debug_macro   0x0000000000000a90      0x1df build/C/TSEMAC_test/sapphire_KM_Ti60/software/standalone/tseDemo/src/main.o
 .debug_macro   0x0000000000000c6f      0x11e build/C/TSEMAC_test/sapphire_KM_Ti60/software/standalone/tseDemo/src/main.o
 .debug_macro   0x0000000000000d8d       0xc4 build/C/TSEMAC_test/sapphire_KM_Ti60/software/standalone/tseDemo/src/main.o
 .debug_macro   0x0000000000000e51       0x10 build/C/TSEMAC_test/sapphire_KM_Ti60/software/standalone/tseDemo/src/main.o
 .debug_macro   0x0000000000000e61       0x1c build/C/TSEMAC_test/sapphire_KM_Ti60/software/standalone/tseDemo/src/main.o
 .debug_macro   0x0000000000000e7d       0x16 build/C/TSEMAC_test/sapphire_KM_Ti60/software/standalone/tseDemo/src/main.o
 .debug_macro   0x0000000000000e93       0x76 build/C/TSEMAC_test/sapphire_KM_Ti60/software/standalone/tseDemo/src/main.o
 .debug_macro   0x0000000000000f09       0xac build/C/TSEMAC_test/sapphire_KM_Ti60/software/standalone/tseDemo/src/main.o
 .debug_macro   0x0000000000000fb5       0x46 build/C/TSEMAC_test/sapphire_KM_Ti60/software/standalone/tseDemo/src/main.o
 .debug_macro   0x0000000000000ffb       0x1c build/C/TSEMAC_test/sapphire_KM_Ti60/software/standalone/tseDemo/src/main.o
 .debug_macro   0x0000000000001017       0xc6 build/C/TSEMAC_test/sapphire_KM_Ti60/software/standalone/tseDemo/src/rtl8211fd_drv.o
 .debug_macro   0x00000000000010dd      0x1b8 build/C/TSEMAC_test/sapphire_KM_Ti60/software/standalone/tseDemo/src/rtl8211fd_drv.o
 .debug_macro   0x0000000000001295       0xe2 build/C/TSEMAC_test/sapphire_KM_Ti60/software/standalone/tseDemo/src/rtl8211fd_drv.o
 .debug_macro   0x0000000000001377       0xb4 build/C/TSEMAC_test/sapphire_KM_Ti60/software/standalone/tseDemo/src/common.o
 .debug_macro   0x000000000000142b       0x58 build/C/TSEMAC_test/sapphire_KM_Ti60/software/standalone/tseDemo/src/common.o

.debug_line     0x0000000000000000     0x1a9d
 .debug_line    0x0000000000000000      0xbd7 build/C/TSEMAC_test/sapphire_KM_Ti60/software/standalone/tseDemo/src/main.o
 .debug_line    0x0000000000000bd7      0x660 build/C/TSEMAC_test/sapphire_KM_Ti60/software/standalone/tseDemo/src/rtl8211fd_drv.o
 .debug_line    0x0000000000001237      0x7ac build/C/TSEMAC_test/sapphire_KM_Ti60/software/standalone/tseDemo/src/common.o
 .debug_line    0x00000000000019e3       0xba build/C/TSEMAC_test/sapphire_KM_Ti60/software/standalone/common/start.o

.debug_str      0x0000000000000000     0x582f
 .debug_str     0x0000000000000000     0x45af build/C/TSEMAC_test/sapphire_KM_Ti60/software/standalone/tseDemo/src/main.o
                                       0x4728 (size before relaxing)
 .debug_str     0x00000000000045af     0x10d1 build/C/TSEMAC_test/sapphire_KM_Ti60/software/standalone/tseDemo/src/rtl8211fd_drv.o
                                       0x570b (size before relaxing)
 .debug_str     0x0000000000005680      0x191 build/C/TSEMAC_test/sapphire_KM_Ti60/software/standalone/tseDemo/src/common.o
                                       0x45ab (size before relaxing)
 .debug_str     0x0000000000005811       0x1e build/C/TSEMAC_test/sapphire_KM_Ti60/software/standalone/common/start.o
                                         0x5a (size before relaxing)

.comment        0x0000000000000000       0x33
 .comment       0x0000000000000000       0x33 build/C/TSEMAC_test/sapphire_KM_Ti60/software/standalone/tseDemo/src/main.o
                                         0x34 (size before relaxing)
 .comment       0x0000000000000033       0x34 build/C/TSEMAC_test/sapphire_KM_Ti60/software/standalone/tseDemo/src/rtl8211fd_drv.o
 .comment       0x0000000000000033       0x34 build/C/TSEMAC_test/sapphire_KM_Ti60/software/standalone/tseDemo/src/common.o

.debug_frame    0x0000000000000000      0x46c
 .debug_frame   0x0000000000000000      0x1c4 build/C/TSEMAC_test/sapphire_KM_Ti60/software/standalone/tseDemo/src/main.o
 .debug_frame   0x00000000000001c4      0x100 build/C/TSEMAC_test/sapphire_KM_Ti60/software/standalone/tseDemo/src/rtl8211fd_drv.o
 .debug_frame   0x00000000000002c4      0x16c build/C/TSEMAC_test/sapphire_KM_Ti60/software/standalone/tseDemo/src/common.o
 .debug_frame   0x0000000000000430       0x3c c:/riscv-sdk/riscv_sdk_windows-v1.5/sdk_windows/riscv-xpack-toolchain_8.3.0-2.3_windows/bin/../lib/gcc/riscv-none-embed/8.3.0/../../../../riscv-none-embed/lib/rv32im/ilp32\libc.a(lib_a-init.o)
